---
source: tests/golden.rs
expression: parsed
---
[
  {
    "session_id": "$1",
    "session_name": "mysession",
    "window_id": "@2",
    "pane_id": "%3",
    "pane_index": 0,
    "pane_pid": 111,
    "pane_current_command": "fish",
    "pane_last_activity": 1700000000,
    "pane_dead": false,
    "pane_in_mode": true
  }
]
