---
source: tests/golden.rs
expression: parsed
---
{
  "session": "ntracker3",
  "pane": null,
  "lines": [],
  "raw": {
    "captured_at": "2026-01-24T23:30:04.307741713Z",
    "panes": {
      "0": {
        "lines": [
          "ursor/resources/app/bin:/c/Program Files/Docker/Docker/resources/b",
          "in:/c/Program Files/nodejs:/c/ProgramData/chocolatey/bin:/c/Progra",
          "m Files/NVIDIA Corporation/NVIDIA App/NvDLISR:/c/Program Files (x8",
          "6)/NVIDIA Corporation/PhysX/Common:/c/Program Files/GitHub CLI:/c/",
          "Users/Alastair/.cargo/bin:/c/Users/Alastair/AppData/Local/Programs",
          "/Python/Python313/Scripts:/c/Users/Alastair/AppData/Local/Programs",
          "/Python/Python313:/c/Users/Alastair/AppData/Local/Microsoft/Window",
          "sApps:/c/Users/Alastair/AppData/Local/Programs/Microsoft VS Code/b",
          "in:/c/Users/Alastair/.local/bin:/c/Users/Alastair/AppData/Roaming/",
          "npm:/c/Users/Alastair/AppData/Local/Google/Cloud SDK/google-cloud-",
          "sdk/bin:/c/Users/Alastair/bin:/c/Users/Alastair/AppData/Local/Powe",
          "rToys/DSCModules:/c/Users/Alastair/AppData/Local/cass/bin:/c/Users",
          "/Alastair/AppData/Local/bv/bin:/c/Users/Alastair/AppData/Local/bea",
          "ds/bin:/c/Users/Alastair/AppData/Local/bin:/usr/bin/vendor_perl:/u",
          "sr/bin/core_perl:/usr/local/go/bin:\\/c/Users/Alastair/go/bin'",
          "cat: {{shellQuote: No such file or directory",
          "cat: .SystemPromptFile}}: No such file or directory",
          "agent@DESKTOP-8EKEQMT:~/projects/ntracker3$ Work on your claimed b",
          "ead meticulously. Implement it fully, write tests, and close it wh",
          "en done. Then claim the next highest priority task with bd ready.",
          "Do not wait for instructions - work autonomously.",
          "Command 'Work' not found, did you mean:",
          "  command 'zork' from snap zork (1.0.2)",
          "See 'snap info <snapname>' for additional versions.",
          "agent@DESKTOP-8EKEQMT:~/projects/ntracker3$ ls",
          "AGENTS.md  PLAN.md  README.md",
          "agent@DESKTOP-8EKEQMT:~/projects/ntracker3$ bv",
          "Warning: skipping invalid issue on line 1: invalid status: tombsto",
          "ne",
          "agent@DESKTOP-8EKEQMT:~/projects/ntracker3$ bv",
          "Warning: skipping invalid issue on line 1: invalid status: tombsto",
          "ne",
          "agent@DESKTOP-8EKEQMT:~/projects/ntracker3$ ntm send ntracker3 all",
          " \"First read ALL of the AGENTS.md file and README.md file super ca",
          "refully and understand ALL of both! Then use your code investigati",
          "on agent mode to fully understand the code, and technical architec",
          "ture and purpose of the project. Then register with MCP Agent Mail",
          " and introduce yourself to the other agents. Be sure to check your",
          " agent mail and to promptly respond if needed to any messages; the",
          "n proceed meticulously with your next assigned beads, working on t",
          "he tasks systematically and meticulously and tracking your progres",
          "s via beads and agent mail messages. Don't get stuck in \"communica",
          "tion purgatory\" where nothing is getting done; be proactive about",
          "starting tasks that need to be done, but inform your fellow agents",
          " via messages when you do so and mark beads appropriately. When yo",
          "u're not sure what to do next, use the bv tool mentioned in AGENTS",
          ".md to prioritize the best beads to work on next; pick the next on",
          "e that you can usefully work on and get started. Make sure to ackn",
          "owledge all communication requests from other agents and that you",
          "are aware of all active agents and their names.\"",
          "  TYPE PRI STATUS      ID",
          "TITLE",
          "",
          "▸ 🚀 P0 OPEN bd-2ml.5 EPIC: Phase 3 - Refinement a…    1h ago",
          "  🚀 P0 OPEN bd-2ml.4 EPIC: Phase 2 - Windows App …    1h ago",
          "  🚀 P0 OPEN bd-2ml.3 EPIC: Phase 1 - Foundation (…    1h ago",
          "  🚀 P0 OPEN bd-2ml.2 EPIC: Phase 0 - Install & Ve…    1h ago",
          "  🚀 P0 ⭐ OPEN bd-2ml.1 EPIC: Phase -1 - Risk Spi…    1h ago",
          "  🚀 P0 OPEN bd-2ml EPIC: NTM Tracker - Complete I…    1h ago",
          "  ✓ Reloaded 85 issues (1 warnings)"
        ],
        "state": "active",
        "truncated": true,
        "type": "unknown"
      },
      "1": {
        "lines": [
          "└ agent-",
          "        mail.call_extended_tool({\"tool_name\":\"file_reservation_pat",
          "        hs\",\"arguments\":{\"project_key\":\"/home/agent/projects/",
          "",
          "",
          "• Called",
          "  └ agent-mail.send_message({\"project_key\":\"/home/agent/projects/",
          "        ntracker3\",\"sender_name\":\"PurplePond\",\"to\":",
          "        [\"BlueNova\",\"NtrackerCodex\",\"BlackDog\"],\"subject\":\"[bd-",
          "        2ml.1.1] Starting: validate NTM robot",
          "        outputs\",\"body_md\":\"Claimed `bd-2ml.1.1` and reserved",
          "        `fixtures/ntm/**` + `docs/ntm-compatibility.md`. Plan:",
          "        record `ntm version`, capture sample outputs for `--robot-",
          "",
          "",
          "• I’m setting up directories under fixtures/ntm and creating",
          "  several important files like version.txt, robot-markdown-",
          "  compact.md, robot-markdown-sessions.md, and robot-tail.json.",
          "  I’ll ensure we don’t delete anything. I'll run the ntm --robot-",
          "  terse for compact output. Choosing a stable session, ntracker3",
          "  seems best for our project, but I can use ntm --robot-status to",
          "  get the best name. I want to avoid capturing any sensitive data.",
          "",
          "  Creating a dummy session",
          "",
          "  I think it’s better to create a dummy session managed by NTM",
          "  that contains non-sensitive content. However, the previous ntm",
          "  create command didn’t show as a managed session in the robot",
          "  status, which is puzzling. I wonder if using ntm spawn with",
          "  agents might work better, but that could need agent CLIs.",
          "  Alternatively, registering with ntm create under the NTM base",
          "  might help. It seems like the PROJECTS_BASE configuration could",
          "  be affecting visibility, so I’ll explore how sessions are",
          "  listed. Capturing content from existing sessions could lead to",
          "  including real code or sensitive info, which I want to avoid.",
          "",
          "  Inspecting robot-tail output",
          "",
          "  I want to check the output from ntm --robot-tail cuas-sim",
          "  --lines 5 --json to see if it shows actual content, which may",
          "  include agent outputs. To handle sensitive information, I could",
          "  redact it before saving, but that feels a bit complicated.",
          "  Instead, I might create a new NTM-managed session using ntm",
          "  spawn with zero agents. The command syntax is tricky, so I'll",
          "  verify the flags in ntm --help and ensure I use it correctly.",
          "  I'll aim for something like ntm --robot-spawn test --spawn-no-",
          "  user --spawn-cc 0 --json. Let's give it a try!",
          "",
          "  Testing session spawning",
          "",
          "",
          "• Testing session spawning      10",
          "•",
          "  │ keys'",
          "  └ jq: error (at <stdin>:81): Cannot index object with number",
          "      \"panes\",",
          "",
          "    ]",
          "",
          "    speedread-ios"
        ],
        "state": "active",
        "truncated": true,
        "type": "unknown"
      },
      "2": {
        "lines": [
          "30 +  <div class=\"flex items-center justify-between\">",
          "    31 +    <h3 class=\"text-sm font-semibold uppercase tracking-[0",
          "        .2em] text-slate-300\">",
          "    32 +      Escalation Inbox ({pending.length})",
          "    33 +    </h3>",
          "    34 +  </div>",
          "    35 +",
          "    36 +  {#if pending.length === 0}",
          "    37 +    <div class=\"mt-4 rounded-lg border border-dashed borde",
          "        r-slate-700 p-6 text-center text-sm text-slate-500\">",
          "    38 +      No pending escalations.",
          "    39 +    </div>",
          "    40 +  {:else}",
          "    41 +    <div class=\"mt-4 space-y-3\">",
          "    42 +      {#each pending as event (event.id)}",
          "    43 +        <div class=\"rounded-lg border border-slate-800 bg-",
          "        slate-950/60 p-3\">",
          "    44 +          <div class=\"flex items-start justify-between gap",
          "        -4\">",
          "    45 +            <div>",
          "    46 +              <p class=\"text-sm font-semibold text-slate-2",
          "        00\">⚠ {labelFor(event)}</p>",
          "    47 +              <p class=\"mt-1 text-xs text-slate-400\">{even",
          "        t.message ?? 'Needs attention.'}</p>",
          "    48 +            </div>",
          "    49 +            <span class=\"text-xs text-slate-500\">{formatAg",
          "        e(event.detectedAt)}</span>",
          "    50 +          </div>",
          "    51 +          <div class=\"mt-3 flex flex-wrap gap-2 text-xs\">",
          "    52 +            <button",
          "    53 +              class=\"rounded-md border border-slate-700 px",
          "        -2 py-1 text-slate-200 hover:border-slate-500\"",
          "    54 +              on:click={() => dispatch('focus', { eventId:",
          "         event.id })}",
          "    55 +            >",
          "    56 +              Focus",
          "    57 +            </button>",
          "    58 +            <button",
          "    59 +              class=\"rounded-md border border-slate-700 px",
          "        -2 py-1 text-slate-200 hover:border-slate-500\"",
          "    60 +              on:click={() => dispatch('snooze', { eventId",
          "        : event.id })}",
          "    61 +            >",
          "    62 +              Snooze 15m",
          "    63 +            </button>",
          "    64 +            <button",
          "    65 +              class=\"rounded-md border border-slate-700 px",
          "        -2 py-1 text-slate-200 hover:border-slate-500\"",
          "    66 +              on:click={() => dispatch('dismiss', { eventI",
          "",
          "",
          "◦ Closing code comment       5",
          "•",
          "  │ --json",
          "  └ [",
          "      {",
          "",
          "    2026-01-24T23:30:",
          "",
          "    complete exported=86"
        ],
        "state": "active",
        "truncated": true,
        "type": "unknown"
      },
      "3": {
        "lines": [
          "g>, NtmError> {",
          "     86 +        let spec = CommandSpec {",
          "     87 +            program: self.config.ntm_path.clone(),",
          "     88 +            args: vec![\"list\".to_string()],",
          "     89 +            timeout: self.config.status_timeout,",
          "     90 +            max_output_bytes: self.config.max_output_byte",
          "         s,",
          "     91 +            category: CommandCategory::NtmStatus,",
          "     92 +        };",
          "     93 +        let output = self",
          "     94 +            .runner",
          "     95 +            .run(spec)",
          "     96 +            .await",
          "     97 +            .map_err(|err| map_command_error(err))?;",
          "     98 +        let text = String::from_utf8_lossy(&output.stdout",
          "         );",
          "     99 +        Ok(text",
          "    100 +            .lines()",
          "    101 +            .map(|line| line.trim().to_string())",
          "    102 +            .filter(|line| !line.is_empty())",
          "    103 +            .collect())",
          "    104 +    }",
          "    105 +}",
          "    106 +",
          "    107 +fn map_command_error(err: crate::command::CommandError) -",
          "         > NtmError {",
          "    108 +    match err {",
          "    109 +        crate::command::CommandError::Spawn(_) => NtmErro",
          "         r::Unavailable,",
          "    110 +        crate::command::CommandError::ExitNonZero(_) => N",
          "         tmError::CommandFailed(\"exit code\".to_string()),",
          "    111 +        crate::command::CommandError::Timeout => NtmError",
          "         ::CommandFailed(\"timeout\".to_string()),",
          "    112 +        crate::command::CommandError::OutputTooLarge => {",
          "    113 +            NtmError::CommandFailed(\"output too large\".to",
          "         _string())",
          "    114 +        }",
          "    115 +        crate::command::CommandError::Io(err) => NtmError",
          "         ::CommandFailed(err.to_string()),",
          "    116 +        crate::command::CommandError::CircuitOpen => NtmE",
          "         rror::CommandFailed(\"circuit open\".to_string()),",
          "    117 +    }",
          "    118 +}",
          "    119 +",
          "    120 +#[cfg(test)]",
          "    121 +mod tests {",
          "    122 +    use super::*;",
          "    123 +",
          "    124 +    #[test]",
          "    125 +    fn list_sessions_parses_lines() {",
          "",
          "• Starting ntm wrapper implementationring> =3text",
          "",
          "    129 +            .map(|line| line.trim().to_string())",
          "    130 +            .filter(|line| !line.is_empty())",
          "    131 +",
          "",
          "         eta\".to_string()]",
          "",
          "    134 +}"
        ],
        "state": "active",
        "truncated": true,
        "type": "unknown"
      },
      "4": {
        "lines": [
          "- close id --reason \"Short summary\" --json",
          "      196 +   - **MANDATORY: Add a DETAILED comment**",
          "          +documenting what was done: br",
          "          + comment id \"Implementation details...\"",
          "      197 +   - Run br",
          "          + close id --reason \"Short summary\" --json",
          "      198     - **Tell the user**: \"Closed bead id: title\"",
          "      199  5. **When discovering new work**:",
          "      200 -   - Run bd create \"New task\" --deps",
          "          -discovered-from:current-id --json",
          "      200 +   - Run br create \"New task\" --deps",
          "          +discovered-from:current-id --json",
          "      201     - **Tell the user**: \"Created bead id:",
          "           title\"",
          "      202  6. **When blocked**: Create blocker issue with",
          "           --deps blocks:id",
          "      203  7. **When updating or changing a closed task**:",
          "            Always add a comment explaining what changed",
          "           and why",
          "",
          "● Update(~/.claude/skills/beads/SKILL.md)",
          "  ⎿  Added 1 line, removed 1 line",
          "      209  When creating beads (especially for multi-agent",
          "            projects), **always include a Files section**",
          "           in the description so agents can avoid",
          "           conflicts:",
          "      210",
          "      211  ```bash",
          "      212 -bd",
          "          - create \"Implement feature X\" -d \"Description of",
          "          - the feature.",
          "      212 +br",
          "          + create \"Implement feature X\" -d \"Description of",
          "          + the feature.",
          "      213",
          "      214  Files: src/feature.py, tests/test_feature.py",
          "      215",
          "",
          "● Update(~/.claude/skills/beads/SKILL.md)",
          "  ⎿  Added 1 line, removed 1 line",
          "      229  **NEVER close an issue without FIRST adding a",
          "           detailed comment.**",
          "      230",
          "      231  The -r (reason) flag is just a SHORT summary",
          "           for the close action.",
          "      232 -The bd",
          "          - comment is where the DETAILED implementation",
          "          -documentation goes.",
          "      232 +The br",
          "          + comment is where the DETAILED implementation",
          "          +documentation goes.",
          "      233",
          "      234  ### Comment Workflow (ALWAYS follow this",
          "           order):",
          "      235  ```bash",
          "",
          "● Update(~/.claude/skills/beads/SKILL.md)",
          "  ⎿  Added 2 lines, removed 2 lines",
          "      234  ### Comment Workflow (ALWAYS follow this",
          "           order):"
        ],
        "state": "active",
        "truncated": true,
        "type": "unknown"
      },
      "5": {
        "lines": [
          "| bd-2ml.4.21 | Tauri IPC commands          | Bridge between Rus",
          "t/Svelte |",
          "",
          "  Dependency Fixes",
          "",
          "  - Fuzz harness now correctly depends on fixture corpus",
          "  - Event bus is properly foundational for collectors/detectors",
          "  - Cache depends on schema, state tracking uses cache",
          "  - New UI tasks have proper dependencies",
          "",
          "  Final Structure",
          "",
          "  | Phase          | Epic | Tasks    | Total    |",
          "  |----------------|------|----------|----------|",
          "  | -1 Risk Spikes | 1    | 7        | 8        |",
          "  | 0 Install      | 1    | 4        | 5        |",
          "  | 1 Daemon       | 1    | 30 (+11) | 31       |",
          "  | 2 Windows App  | 1    | 21 (+5)  | 22       |",
          "  | 3 Refinement   | 1    | 16       | 17       |",
          "  |                |      |          | 84 total |",
          "",
          "  Ready to Start Now (8 beads)",
          "",
          "  All Phase -1 tasks except fuzz harness (which correctly waits fo",
          "r fixtures):",
          "",
          "  1. bd-2ml.1.1 - Spike: Validate NTM robot outputs",
          "  2. bd-2ml.1.2 - Spike: Benchmark tmux metadata polling",
          "  3. bd-2ml.1.3 - Spike: Measure command latency distribution",
          "  4. bd-2ml.1.4 - Spike: Validate WSL localhost connectivity",
          "  5. bd-2ml.1.5 - Create fixture corpus from real sessions",
          "  6. bd-2ml.1.7 - Spike: Validate stdio real-time push",
          "",
          "  Key Improvements for Users",
          "",
          "  1. Better debugging - Logging and diagnostics are now P1",
          "  2. Privacy by default - Explicit redaction system task",
          "  3. Wider compatibility - tmux-only fallback mode for non-NTM use",
          "rs",
          "  4. Better UX - First-run wizard, search, timeline panel",
          "  5. Safer protocol - Shared schema prevents Rust/TypeScript drift",
          "  6. More testable - Unit tests added alongside integration tests",
          "",
          "  The structure is now more complete and better reflects the actua",
          "l implementation needs from PLAN.md. Would you like me to make any",
          " other adjustments?",
          "",
          "● How is Claude doing this session? (optional)",
          "  1: Bad    2: Fine   3: Good   0: Dismiss",
          "",
          "──────────────────────────────────────────────────────────────────",
          "> sync and commit the beads                                ↵ send",
          "──────────────────────────────────────────────────────────────────",
          "  ⏵⏵ bypass permissions on     Context left until auto-compact:",
          "  (shift+tab to cycle)         4%",
          "                              ✗ Auto-update failed · Try claude",
          "                              doctor or npm i -g",
          "                              @anthropic-ai/claude-code"
        ],
        "state": "active",
        "truncated": true,
        "type": "unknown"
      }
    },
    "session": "ntracker3"
  }
}
