---
source: tests/golden.rs
assertion_line: 96
expression: parsed
---
{
  "sessions": [
    {
      "name": "cuas-sim",
      "status": null,
      "metadata": {
        "agents": "3",
        "attached": "no",
        "claude": "2",
        "codex": "0",
        "error": "0",
        "gemini": "0",
        "idle": "0",
        "session": "cuas-sim",
        "working": "2"
      }
    },
    {
      "name": "ntracker3",
      "status": null,
      "metadata": {
        "agents": "6",
        "attached": "yes",
        "claude": "0",
        "codex": "3",
        "error": "0",
        "gemini": "0",
        "idle": "2",
        "session": "ntracker3",
        "working": "1"
      }
    },
    {
      "name": "speedread-ios",
      "status": null,
      "metadata": {
        "agents": "2",
        "attached": "yes",
        "claude": "0",
        "codex": "0",
        "error": "0",
        "gemini": "0",
        "idle": "0",
        "session": "speedread-ios",
        "working": "0"
      }
    }
  ],
  "panes": []
}
